// Jest Snapshot v1, https://goo.gl/fbAQLP

exports[`get description function analysis http://t.mb5u.com/html/ 1`] = `
{
  "description": "html参考手册,包括HTML4和HTML5手册。",
  "favicon": "data:image/png;base64,iVBORw0KGgoAAAANSUhEUgAAABAAAAAQCAYAAAAf8/9hAAABYUlEQVQ4jaWSQU7CUBCGv7YPK9IClaCwcGM8gntjVx5Aly5cGW7gTRpXHMALsNK4NPEALjTRmIBKYqAoBOh7zwXYtGlZGGc1b/6Z//9n8ozdi/Yx0AJ8/hbXQCCA1v7hgb+5vfWn6c/3D//+5hYB+BOnxtMwSjX0R5JwogAoF03qrpXC150agC8AxjOVURh+Sx5P6gDsXfWplcwUPp5pAARAlJ1HyXSe1xMTSKUzgJY6lef1JBxoBmHE1zhfRinFc3cav50Nk2pZJAgkhKHi9ayRS/Bymq7vtN9wSovc/HWgZL7FXEdSE6nEEaWCgjBoXvZSjb3zJkCmbtsGcrmtAFBa41Qt7KlCLc89GiWOqDWuaywsC5OCbaK0ThIApkGhaAGLDxOGM3RMALZbSK+hEzf4T4hVwJpt0Ai6cb4qTKCjBv0M4HqCimdR8SxcL6uznOkIIJg/3AEcrVKZ55c7QPADejmLwEGbWDEAAAAASUVORK5CYII=",
  "image": undefined,
  "title": "HTML参考手册",
  "url": "http://t.mb5u.com/html/",
}
`;

exports[`get description function analysis https://blog.51cto.com/u_15349616/3717558 1`] = `
{
  "description": "",
  "image": undefined,
  "title": "",
  "url": "https://blog.51cto.com/u_15349616/3717558",
}
`;

exports[`get description function analysis https://blog.csdn.net/design_Lu/article/details/94870265 1`] = `
{
  "favicon": "data:image/png;base64,iVBORw0KGgoAAAANSUhEUgAAABAAAAAQCAMAAAAoLQ9TAAAAXVBMVEX8VTH////8SBv8RRT8Ui38UCn+4dr8PQD8RBL9lYL/8u/+5N78Sh78f2b+0cn+7Of9xbv8Xzv8Qgr8blH9uaz+2NH8hW38ZEP8TiX9vbP/8e3+6eP8WDT8aUr9jHdkgCI0AAAAgElEQVQYlW2O2xKDIAxEWQKSKBXqpSK9/P9n1o7Uykzztie7ySr1f6xm8uan6dLnEK/2q4cINC0wFo+eMGtygttuMQuy23YplYhfIen8gRqYs1ac4SpAd+gK+Aj5EJseOzBP4OXYjQFcLAJg64WOSigta9eGXobjjPHEpKsyx7wBKpEEM9DQtpwAAAAASUVORK5CYII=",
  "image": "https://i-blog.csdnimg.cn/blog_migrate/83d4518b12eb78d3f7c9785391201c8e.png",
  "title": "vue生命周期和react生命周期对比。",
  "url": "https://blog.csdn.net/design_Lu/article/details/94870265",
}
`;

exports[`get description function analysis https://juejin.cn/post/6844904009887645709 1`] = `
{
  "description": "主要从githubstarts&issues量，npm下载量，使用方式，以及语法示例对三款测试框架做了一下较简单的比较Githubstars&issuesNpm下载量使用方式框架断言异步Mock代码覆",
  "favicon": "data:image/png;base64,iVBORw0KGgoAAAANSUhEUgAAABAAAAAQCAYAAAAf8/9hAAABVElEQVQ4jaXTPUgbUBAH8F9MoIJgdCiddLAiDn7MajcVJ7fOurgooovfoKSllZa6OAmisw5CFRGqglPAVUTEqZTSqcXBDsVF4pALxqTq4IPjHffu/u9/XzzzJP5nrM/kCmpD3N/hZ6bcveKR4B58DekueXsYoIhZGxpD2h9imyhBfokWHOMGb8O+hSQ6cIY/hZSKGSQxiV18RDU2QtJYjLeJ8M0zqM/kkniBf2jFJ/ThWwDCUtj2MR0sqnCdwih6IzCLQcxhGNsBUIflYHGJN5jFQQVq0BVUB3CFGYwH9erQZ/E3PthEJ9IpfMAJvmAFzaGv4jwYZFGLKYzhF0awl4pq7+BH5DoVINMRCE34jH4cRSFPKW/jK8xjCBfhWChiM9bwHr/Jt/HecARQZQAsuGvXDd5hHdfFI102XQGSkO/MUpgncIhc6T48tUyvkfPIMj373AJGC1eDWBe94QAAAABJRU5ErkJggg==",
  "image": "https://p1-jj.byteimg.com/tos-cn-i-t2oaga2asx/gold-user-assets/2019/12/3/16eca535239e77d7~tplv-t2oaga2asx-jj-mark:3024:0:0:0:q75.png",
  "title": "JS测试框架Jest/Mocha/Ava的简单比较",
  "url": "https://juejin.cn/post/6844904009887645709",
}
`;

exports[`get description function analysis https://segmentfault.com/a/1190000013568216 1`] = `
{
  "description": "Hibernate是一种ORM框架，全称为 Object_Relative DateBase-Mapping，在Java对象与关系数据库之间建立某种映射，以实现直接存取Java对象！",
  "favicon": "data:image/png;base64,iVBORw0KGgoAAAANSUhEUgAAABAAAAAQCAMAAAAoLQ9TAAAALVBMVEUAmmEAmmAAlFX///8Aj0s+roHI6Nuu2cYhpXL1/ftZtY7p+POc1r+Ax6pvu5gxFaaeAAAAAXRSTlO7HFWyYgAAAGxJREFUGJVVj0sSgDAIQ0vSQj/q/Y8rYkdbFjB587IgJdkmLRk+Tv58kgMLEFKPFRQyzwpKEQSQALWRPKov2lOBUrv1ak4vmQAu16/iZWocvADituIHBbm7/gG0ZmMzurZhLqpOML+SWNu7kW9dnQK2J4kwSgAAAABJRU5ErkJggg==",
  "image": undefined,
  "title": "Hibernate入门这一篇就够了",
  "url": "https://segmentfault.com/a/1190000013568216",
}
`;

exports[`get description function analysis https://www.jianshu.com/p/eec5e34ff0c2 1`] = `
{
  "description": "在 TypeScript 开发中，我们需要为开发的模块编写单元测试，可以使用 jest 这个框架。可参考 npm - jest 如果你已经有一个 TypeScript 项目，...",
  "favicon": "data:image/png;base64,iVBORw0KGgoAAAANSUhEUgAAABAAAAAQCAMAAAAoLQ9TAAAAOVBMVEXlYEj76OXiQBj99PL////lYEjtlIXnYkjkW0HkUjXsiXn41M763tnmX0boc17gLwDyt67tmIrobVcZOABUAAAACHRSTlPq////////MiIP05YAAACBSURBVBiVXY9bEsMgDAMxVojFu7n/YYtpp5Nmv9COwSic4bgRzrCysa0zuY3njEZSanS3BFUgklAhlUsQc9QZ0QfynmjX1KyOSDa/cjRNV3eQXNgLo2BR41ckxFrGKHITBar4E8+J9QVBjr9HuekJe63lslvYlMldxvhpajTPz/pvg+IGkoY/qWQAAAAASUVORK5CYII=",
  "image": "https://upload-images.jianshu.io/upload_images/1362764-9e4cc8a17ba4048b.png",
  "title": "TypeScript + jest + VSCode 编写单元测试",
  "url": "https://www.jianshu.com/p/eec5e34ff0c2",
}
`;

exports[`get description function analysis https://www.jianshu.com/p/eec5e34ff0c2 2`] = `
{
  "description": "在 TypeScript 开发中，我们需要为开发的模块编写单元测试，可以使用 jest 这个框架。可参考 npm - jest 如果你已经有一个 TypeScript 项目，...",
  "favicon": "data:image/png;base64,iVBORw0KGgoAAAANSUhEUgAAABAAAAAQCAMAAAAoLQ9TAAAAOVBMVEXlYEj76OXiQBj99PL////lYEjtlIXnYkjkW0HkUjXsiXn41M763tnmX0boc17gLwDyt67tmIrobVcZOABUAAAACHRSTlPq////////MiIP05YAAACBSURBVBiVXY9bEsMgDAMxVojFu7n/YYtpp5Nmv9COwSic4bgRzrCysa0zuY3njEZSanS3BFUgklAhlUsQc9QZ0QfynmjX1KyOSDa/cjRNV3eQXNgLo2BR41ckxFrGKHITBar4E8+J9QVBjr9HuekJe63lslvYlMldxvhpajTPz/pvg+IGkoY/qWQAAAAASUVORK5CYII=",
  "image": "https://upload-images.jianshu.io/upload_images/1362764-9e4cc8a17ba4048b.png",
  "title": "TypeScript + jest + VSCode 编写单元测试",
  "url": "https://www.jianshu.com/p/eec5e34ff0c2",
}
`;
